Archive member included because of file (symbol)

c:/program files/atmel/atmel studio 6.0/extensions/atmel/armgcc/3.3.1.128/armgcctoolchain/bin/../lib/gcc/arm-none-eabi/4.7.0/../../../../arm-none-eabi/lib/thumb\libc.a(lib_a-atexit.o)
                              c:/program files/atmel/atmel studio 6.0/extensions/atmel/armgcc/3.3.1.128/armgcctoolchain/bin/../lib/gcc/arm-none-eabi/4.7.0/../../../../arm-none-eabi/lib/thumb/crt0.o (atexit)
c:/program files/atmel/atmel studio 6.0/extensions/atmel/armgcc/3.3.1.128/armgcctoolchain/bin/../lib/gcc/arm-none-eabi/4.7.0/../../../../arm-none-eabi/lib/thumb\libc.a(lib_a-exit.o)
                              c:/program files/atmel/atmel studio 6.0/extensions/atmel/armgcc/3.3.1.128/armgcctoolchain/bin/../lib/gcc/arm-none-eabi/4.7.0/../../../../arm-none-eabi/lib/thumb/crt0.o (exit)
c:/program files/atmel/atmel studio 6.0/extensions/atmel/armgcc/3.3.1.128/armgcctoolchain/bin/../lib/gcc/arm-none-eabi/4.7.0/../../../../arm-none-eabi/lib/thumb\libc.a(lib_a-fini.o)
                              c:/program files/atmel/atmel studio 6.0/extensions/atmel/armgcc/3.3.1.128/armgcctoolchain/bin/../lib/gcc/arm-none-eabi/4.7.0/../../../../arm-none-eabi/lib/thumb/crt0.o (__libc_fini_array)
c:/program files/atmel/atmel studio 6.0/extensions/atmel/armgcc/3.3.1.128/armgcctoolchain/bin/../lib/gcc/arm-none-eabi/4.7.0/../../../../arm-none-eabi/lib/thumb\libc.a(lib_a-impure.o)
                              c:/program files/atmel/atmel studio 6.0/extensions/atmel/armgcc/3.3.1.128/armgcctoolchain/bin/../lib/gcc/arm-none-eabi/4.7.0/../../../../arm-none-eabi/lib/thumb\libc.a(lib_a-exit.o) (_global_impure_ptr)
c:/program files/atmel/atmel studio 6.0/extensions/atmel/armgcc/3.3.1.128/armgcctoolchain/bin/../lib/gcc/arm-none-eabi/4.7.0/../../../../arm-none-eabi/lib/thumb\libc.a(lib_a-init.o)
                              c:/program files/atmel/atmel studio 6.0/extensions/atmel/armgcc/3.3.1.128/armgcctoolchain/bin/../lib/gcc/arm-none-eabi/4.7.0/../../../../arm-none-eabi/lib/thumb/crt0.o (__libc_init_array)
c:/program files/atmel/atmel studio 6.0/extensions/atmel/armgcc/3.3.1.128/armgcctoolchain/bin/../lib/gcc/arm-none-eabi/4.7.0/../../../../arm-none-eabi/lib/thumb\libc.a(lib_a-memset.o)
                              c:/program files/atmel/atmel studio 6.0/extensions/atmel/armgcc/3.3.1.128/armgcctoolchain/bin/../lib/gcc/arm-none-eabi/4.7.0/../../../../arm-none-eabi/lib/thumb/crt0.o (memset)
c:/program files/atmel/atmel studio 6.0/extensions/atmel/armgcc/3.3.1.128/armgcctoolchain/bin/../lib/gcc/arm-none-eabi/4.7.0/../../../../arm-none-eabi/lib/thumb\libc.a(lib_a-__atexit.o)
                              c:/program files/atmel/atmel studio 6.0/extensions/atmel/armgcc/3.3.1.128/armgcctoolchain/bin/../lib/gcc/arm-none-eabi/4.7.0/../../../../arm-none-eabi/lib/thumb\libc.a(lib_a-atexit.o) (__register_exitproc)
c:/program files/atmel/atmel studio 6.0/extensions/atmel/armgcc/3.3.1.128/armgcctoolchain/bin/../lib/gcc/arm-none-eabi/4.7.0/../../../../arm-none-eabi/lib/thumb\libc.a(lib_a-__call_atexit.o)
                              c:/program files/atmel/atmel studio 6.0/extensions/atmel/armgcc/3.3.1.128/armgcctoolchain/bin/../lib/gcc/arm-none-eabi/4.7.0/../../../../arm-none-eabi/lib/thumb\libc.a(lib_a-exit.o) (__call_exitprocs)

Discarded input sections

 .text          0x00000000        0x0 c:/program files/atmel/atmel studio 6.0/extensions/atmel/armgcc/3.3.1.128/armgcctoolchain/bin/../lib/gcc/arm-none-eabi/4.7.0/thumb/crti.o
 .data          0x00000000        0x0 c:/program files/atmel/atmel studio 6.0/extensions/atmel/armgcc/3.3.1.128/armgcctoolchain/bin/../lib/gcc/arm-none-eabi/4.7.0/thumb/crti.o
 .bss           0x00000000        0x0 c:/program files/atmel/atmel studio 6.0/extensions/atmel/armgcc/3.3.1.128/armgcctoolchain/bin/../lib/gcc/arm-none-eabi/4.7.0/thumb/crti.o
 .data          0x00000000        0x4 c:/program files/atmel/atmel studio 6.0/extensions/atmel/armgcc/3.3.1.128/armgcctoolchain/bin/../lib/gcc/arm-none-eabi/4.7.0/thumb/crtbegin.o
 .text          0x00000000       0x70 c:/program files/atmel/atmel studio 6.0/extensions/atmel/armgcc/3.3.1.128/armgcctoolchain/bin/../lib/gcc/arm-none-eabi/4.7.0/../../../../arm-none-eabi/lib/thumb/crt0.o
 .data          0x00000000        0x0 c:/program files/atmel/atmel studio 6.0/extensions/atmel/armgcc/3.3.1.128/armgcctoolchain/bin/../lib/gcc/arm-none-eabi/4.7.0/../../../../arm-none-eabi/lib/thumb/crt0.o
 .bss           0x00000000        0x0 c:/program files/atmel/atmel studio 6.0/extensions/atmel/armgcc/3.3.1.128/armgcctoolchain/bin/../lib/gcc/arm-none-eabi/4.7.0/../../../../arm-none-eabi/lib/thumb/crt0.o
 .ARM.extab     0x00000000        0x0 c:/program files/atmel/atmel studio 6.0/extensions/atmel/armgcc/3.3.1.128/armgcctoolchain/bin/../lib/gcc/arm-none-eabi/4.7.0/../../../../arm-none-eabi/lib/thumb/crt0.o
 .ARM.exidx     0x00000000        0x8 c:/program files/atmel/atmel studio 6.0/extensions/atmel/armgcc/3.3.1.128/armgcctoolchain/bin/../lib/gcc/arm-none-eabi/4.7.0/../../../../arm-none-eabi/lib/thumb/crt0.o
 .ARM.attributes
                0x00000000       0x1b c:/program files/atmel/atmel studio 6.0/extensions/atmel/armgcc/3.3.1.128/armgcctoolchain/bin/../lib/gcc/arm-none-eabi/4.7.0/../../../../arm-none-eabi/lib/thumb/crt0.o
 .debug_line    0x00000000       0xbd c:/program files/atmel/atmel studio 6.0/extensions/atmel/armgcc/3.3.1.128/armgcctoolchain/bin/../lib/gcc/arm-none-eabi/4.7.0/../../../../arm-none-eabi/lib/thumb/crt0.o
 .debug_info    0x00000000      0x114 c:/program files/atmel/atmel studio 6.0/extensions/atmel/armgcc/3.3.1.128/armgcctoolchain/bin/../lib/gcc/arm-none-eabi/4.7.0/../../../../arm-none-eabi/lib/thumb/crt0.o
 .debug_abbrev  0x00000000       0x14 c:/program files/atmel/atmel studio 6.0/extensions/atmel/armgcc/3.3.1.128/armgcctoolchain/bin/../lib/gcc/arm-none-eabi/4.7.0/../../../../arm-none-eabi/lib/thumb/crt0.o
 .debug_aranges
                0x00000000       0x20 c:/program files/atmel/atmel studio 6.0/extensions/atmel/armgcc/3.3.1.128/armgcctoolchain/bin/../lib/gcc/arm-none-eabi/4.7.0/../../../../arm-none-eabi/lib/thumb/crt0.o
 .group         0x00000000        0x8 cmsis/src/startup_sam3xa.o
 .group         0x00000000        0x8 cmsis/src/startup_sam3xa.o
 .group         0x00000000        0x8 cmsis/src/startup_sam3xa.o
 .group         0x00000000        0x8 cmsis/src/startup_sam3xa.o
 .group         0x00000000        0x8 cmsis/src/startup_sam3xa.o
 .group         0x00000000        0x8 cmsis/src/startup_sam3xa.o
 .group         0x00000000        0x8 cmsis/src/startup_sam3xa.o
 .group         0x00000000        0x8 cmsis/src/startup_sam3xa.o
 .group         0x00000000        0x8 cmsis/src/startup_sam3xa.o
 .group         0x00000000        0x8 cmsis/src/startup_sam3xa.o
 .group         0x00000000        0x8 cmsis/src/startup_sam3xa.o
 .group         0x00000000        0x8 cmsis/src/startup_sam3xa.o
 .group         0x00000000        0x8 cmsis/src/startup_sam3xa.o
 .group         0x00000000        0x8 cmsis/src/startup_sam3xa.o
 .group         0x00000000        0x8 cmsis/src/startup_sam3xa.o
 .group         0x00000000        0x8 cmsis/src/startup_sam3xa.o
 .group         0x00000000        0x8 cmsis/src/startup_sam3xa.o
 .group         0x00000000        0x8 cmsis/src/startup_sam3xa.o
 .group         0x00000000        0x8 cmsis/src/startup_sam3xa.o
 .group         0x00000000        0x8 cmsis/src/startup_sam3xa.o
 .group         0x00000000        0x8 cmsis/src/startup_sam3xa.o
 .group         0x00000000        0x8 cmsis/src/startup_sam3xa.o
 .group         0x00000000        0x8 cmsis/src/startup_sam3xa.o
 .group         0x00000000        0x8 cmsis/src/startup_sam3xa.o
 .group         0x00000000        0x8 cmsis/src/startup_sam3xa.o
 .group         0x00000000        0x8 cmsis/src/startup_sam3xa.o
 .group         0x00000000        0x8 cmsis/src/startup_sam3xa.o
 .group         0x00000000        0x8 cmsis/src/startup_sam3xa.o
 .group         0x00000000        0x8 cmsis/src/startup_sam3xa.o
 .group         0x00000000        0x8 cmsis/src/startup_sam3xa.o
 .group         0x00000000        0x8 cmsis/src/startup_sam3xa.o
 .group         0x00000000        0x8 cmsis/src/startup_sam3xa.o
 .group         0x00000000        0x8 cmsis/src/startup_sam3xa.o
 .group         0x00000000        0x8 cmsis/src/startup_sam3xa.o
 .group         0x00000000        0x8 cmsis/src/startup_sam3xa.o
 .group         0x00000000        0x8 cmsis/src/startup_sam3xa.o
 .group         0x00000000        0x8 cmsis/src/startup_sam3xa.o
 .group         0x00000000        0x8 cmsis/src/startup_sam3xa.o
 .group         0x00000000        0x8 cmsis/src/startup_sam3xa.o
 .group         0x00000000        0x8 cmsis/src/startup_sam3xa.o
 .group         0x00000000        0x8 cmsis/src/startup_sam3xa.o
 .group         0x00000000        0x8 cmsis/src/startup_sam3xa.o
 .group         0x00000000        0x8 cmsis/src/startup_sam3xa.o
 .group         0x00000000        0x8 cmsis/src/startup_sam3xa.o
 .group         0x00000000        0x8 cmsis/src/startup_sam3xa.o
 .group         0x00000000        0x8 cmsis/src/startup_sam3xa.o
 .group         0x00000000        0x8 cmsis/src/startup_sam3xa.o
 .group         0x00000000        0x8 cmsis/src/startup_sam3xa.o
 .group         0x00000000        0x8 cmsis/src/startup_sam3xa.o
 .group         0x00000000        0x8 cmsis/src/startup_sam3xa.o
 .group         0x00000000        0x8 cmsis/src/startup_sam3xa.o
 .group         0x00000000        0x8 cmsis/src/startup_sam3xa.o
 .group         0x00000000        0x8 cmsis/src/startup_sam3xa.o
 .group         0x00000000        0x8 cmsis/src/startup_sam3xa.o
 .group         0x00000000        0x8 cmsis/src/startup_sam3xa.o
 .group         0x00000000        0x8 cmsis/src/startup_sam3xa.o
 .group         0x00000000        0x8 cmsis/src/startup_sam3xa.o
 .group         0x00000000        0x8 cmsis/src/startup_sam3xa.o
 .group         0x00000000        0x8 cmsis/src/startup_sam3xa.o
 .group         0x00000000        0x8 cmsis/src/startup_sam3xa.o
 .group         0x00000000        0x8 cmsis/src/startup_sam3xa.o
 .group         0x00000000        0x8 cmsis/src/startup_sam3xa.o
 .group         0x00000000        0x8 cmsis/src/startup_sam3xa.o
 .group         0x00000000        0x8 cmsis/src/startup_sam3xa.o
 .group         0x00000000        0x8 cmsis/src/startup_sam3xa.o
 .group         0x00000000        0x8 cmsis/src/startup_sam3xa.o
 .group         0x00000000        0x8 cmsis/src/startup_sam3xa.o
 .group         0x00000000        0x8 cmsis/src/startup_sam3xa.o
 .group         0x00000000        0x8 cmsis/src/startup_sam3xa.o
 .group         0x00000000        0x8 cmsis/src/startup_sam3xa.o
 .group         0x00000000        0x8 cmsis/src/startup_sam3xa.o
 .group         0x00000000        0x8 cmsis/src/startup_sam3xa.o
 .group         0x00000000        0x8 cmsis/src/startup_sam3xa.o
 .group         0x00000000        0x8 cmsis/src/startup_sam3xa.o
 .group         0x00000000        0x8 cmsis/src/startup_sam3xa.o
 .text          0x00000000        0x0 cmsis/src/startup_sam3xa.o
 .data          0x00000000        0x0 cmsis/src/startup_sam3xa.o
 .bss           0x00000000        0x0 cmsis/src/startup_sam3xa.o
 .group         0x00000000        0x8 cmsis/src/system_sam3xa.o
 .group         0x00000000        0x8 cmsis/src/system_sam3xa.o
 .group         0x00000000        0x8 cmsis/src/system_sam3xa.o
 .group         0x00000000        0x8 cmsis/src/system_sam3xa.o
 .group         0x00000000        0x8 cmsis/src/system_sam3xa.o
 .group         0x00000000        0x8 cmsis/src/system_sam3xa.o
 .group         0x00000000        0x8 cmsis/src/system_sam3xa.o
 .group         0x00000000        0x8 cmsis/src/system_sam3xa.o
 .group         0x00000000        0x8 cmsis/src/system_sam3xa.o
 .group         0x00000000        0x8 cmsis/src/system_sam3xa.o
 .group         0x00000000        0x8 cmsis/src/system_sam3xa.o
 .group         0x00000000        0x8 cmsis/src/system_sam3xa.o
 .group         0x00000000        0x8 cmsis/src/system_sam3xa.o
 .group         0x00000000        0x8 cmsis/src/system_sam3xa.o
 .group         0x00000000        0x8 cmsis/src/system_sam3xa.o
 .group         0x00000000        0x8 cmsis/src/system_sam3xa.o
 .group         0x00000000        0x8 cmsis/src/system_sam3xa.o
 .group         0x00000000        0x8 cmsis/src/system_sam3xa.o
 .group         0x00000000        0x8 cmsis/src/system_sam3xa.o
 .group         0x00000000        0x8 cmsis/src/system_sam3xa.o
 .group         0x00000000        0x8 cmsis/src/system_sam3xa.o
 .group         0x00000000        0x8 cmsis/src/system_sam3xa.o
 .group         0x00000000        0x8 cmsis/src/system_sam3xa.o
 .group         0x00000000        0x8 cmsis/src/system_sam3xa.o
 .group         0x00000000        0x8 cmsis/src/system_sam3xa.o
 .group         0x00000000        0x8 cmsis/src/system_sam3xa.o
 .group         0x00000000        0x8 cmsis/src/system_sam3xa.o
 .group         0x00000000        0x8 cmsis/src/system_sam3xa.o
 .group         0x00000000        0x8 cmsis/src/system_sam3xa.o
 .group         0x00000000        0x8 cmsis/src/system_sam3xa.o
 .group         0x00000000        0x8 cmsis/src/system_sam3xa.o
 .group         0x00000000        0x8 cmsis/src/system_sam3xa.o
 .group         0x00000000        0x8 cmsis/src/system_sam3xa.o
 .group         0x00000000        0x8 cmsis/src/system_sam3xa.o
 .group         0x00000000        0x8 cmsis/src/system_sam3xa.o
 .group         0x00000000        0x8 cmsis/src/system_sam3xa.o
 .group         0x00000000        0x8 cmsis/src/system_sam3xa.o
 .group         0x00000000        0x8 cmsis/src/system_sam3xa.o
 .group         0x00000000        0x8 cmsis/src/system_sam3xa.o
 .group         0x00000000        0x8 cmsis/src/system_sam3xa.o
 .group         0x00000000        0x8 cmsis/src/system_sam3xa.o
 .group         0x00000000        0x8 cmsis/src/system_sam3xa.o
 .group         0x00000000        0x8 cmsis/src/system_sam3xa.o
 .group         0x00000000        0x8 cmsis/src/system_sam3xa.o
 .group         0x00000000        0x8 cmsis/src/system_sam3xa.o
 .group         0x00000000        0x8 cmsis/src/system_sam3xa.o
 .group         0x00000000        0x8 cmsis/src/system_sam3xa.o
 .group         0x00000000        0x8 cmsis/src/system_sam3xa.o
 .group         0x00000000        0x8 cmsis/src/system_sam3xa.o
 .group         0x00000000        0x8 cmsis/src/system_sam3xa.o
 .group         0x00000000        0x8 cmsis/src/system_sam3xa.o
 .group         0x00000000        0x8 cmsis/src/system_sam3xa.o
 .group         0x00000000        0x8 cmsis/src/system_sam3xa.o
 .group         0x00000000        0x8 cmsis/src/system_sam3xa.o
 .group         0x00000000        0x8 cmsis/src/system_sam3xa.o
 .group         0x00000000        0x8 cmsis/src/system_sam3xa.o
 .group         0x00000000        0x8 cmsis/src/system_sam3xa.o
 .group         0x00000000        0x8 cmsis/src/system_sam3xa.o
 .group         0x00000000        0x8 cmsis/src/system_sam3xa.o
 .group         0x00000000        0x8 cmsis/src/system_sam3xa.o
 .group         0x00000000        0x8 cmsis/src/system_sam3xa.o
 .group         0x00000000        0x8 cmsis/src/system_sam3xa.o
 .group         0x00000000        0x8 cmsis/src/system_sam3xa.o
 .group         0x00000000        0x8 cmsis/src/system_sam3xa.o
 .group         0x00000000        0x8 cmsis/src/system_sam3xa.o
 .group         0x00000000        0x8 cmsis/src/system_sam3xa.o
 .group         0x00000000        0x8 cmsis/src/system_sam3xa.o
 .group         0x00000000        0x8 cmsis/src/system_sam3xa.o
 .group         0x00000000        0x8 cmsis/src/system_sam3xa.o
 .group         0x00000000        0x8 cmsis/src/system_sam3xa.o
 .group         0x00000000        0x8 cmsis/src/system_sam3xa.o
 .group         0x00000000        0x8 cmsis/src/system_sam3xa.o
 .group         0x00000000        0x8 cmsis/src/system_sam3xa.o
 .group         0x00000000        0x8 cmsis/src/system_sam3xa.o
 .group         0x00000000        0x8 cmsis/src/system_sam3xa.o
 .text          0x00000000        0x0 cmsis/src/system_sam3xa.o
 .bss           0x00000000        0x0 cmsis/src/system_sam3xa.o
 .text.SystemCoreClockUpdate
                0x00000000      0x1c8 cmsis/src/system_sam3xa.o
 .text.system_init_flash
                0x00000000       0x9c cmsis/src/system_sam3xa.o
 .debug_macro   0x00000000       0x10 cmsis/src/system_sam3xa.o
 .debug_macro   0x00000000      0x214 cmsis/src/system_sam3xa.o
 .debug_macro   0x00000000       0x20 cmsis/src/system_sam3xa.o
 .debug_macro   0x00000000       0x34 cmsis/src/system_sam3xa.o
 .debug_macro   0x00000000       0x18 cmsis/src/system_sam3xa.o
 .debug_macro   0x00000000      0x743 cmsis/src/system_sam3xa.o
 .debug_macro   0x00000000      0xaa7 cmsis/src/system_sam3xa.o
 .debug_macro   0x00000000      0x55a cmsis/src/system_sam3xa.o
 .debug_macro   0x00000000      0x2a6 cmsis/src/system_sam3xa.o
 .debug_macro   0x00000000      0x30b cmsis/src/system_sam3xa.o
 .debug_macro   0x00000000      0x741 cmsis/src/system_sam3xa.o
 .debug_macro   0x00000000       0x82 cmsis/src/system_sam3xa.o
 .debug_macro   0x00000000      0x56c cmsis/src/system_sam3xa.o
 .debug_macro   0x00000000       0x1c cmsis/src/system_sam3xa.o
 .debug_macro   0x00000000      0x6a9 cmsis/src/system_sam3xa.o
 .debug_macro   0x00000000      0x51e cmsis/src/system_sam3xa.o
 .debug_macro   0x00000000       0xbe cmsis/src/system_sam3xa.o
 .debug_macro   0x00000000     0x2333 cmsis/src/system_sam3xa.o
 .debug_macro   0x00000000      0x84f cmsis/src/system_sam3xa.o
 .debug_macro   0x00000000      0xdbb cmsis/src/system_sam3xa.o
 .debug_macro   0x00000000       0x7c cmsis/src/system_sam3xa.o
 .debug_macro   0x00000000      0x256 cmsis/src/system_sam3xa.o
 .debug_macro   0x00000000       0x58 cmsis/src/system_sam3xa.o
 .debug_macro   0x00000000      0x999 cmsis/src/system_sam3xa.o
 .debug_macro   0x00000000      0x22d cmsis/src/system_sam3xa.o
 .debug_macro   0x00000000      0x4d0 cmsis/src/system_sam3xa.o
 .debug_macro   0x00000000      0x6a4 cmsis/src/system_sam3xa.o
 .debug_macro   0x00000000      0x590 cmsis/src/system_sam3xa.o
 .debug_macro   0x00000000       0x46 cmsis/src/system_sam3xa.o
 .debug_macro   0x00000000      0x33f cmsis/src/system_sam3xa.o
 .debug_macro   0x00000000      0x27e cmsis/src/system_sam3xa.o
 .debug_macro   0x00000000     0x14d5 cmsis/src/system_sam3xa.o
 .debug_macro   0x00000000      0x7ab cmsis/src/system_sam3xa.o
 .debug_macro   0x00000000       0x76 cmsis/src/system_sam3xa.o
 .debug_macro   0x00000000       0x82 cmsis/src/system_sam3xa.o
 .debug_macro   0x00000000       0x76 cmsis/src/system_sam3xa.o
 .debug_macro   0x00000000       0x4c cmsis/src/system_sam3xa.o
 .debug_macro   0x00000000      0x100 cmsis/src/system_sam3xa.o
 .debug_macro   0x00000000      0x100 cmsis/src/system_sam3xa.o
 .debug_macro   0x00000000      0x100 cmsis/src/system_sam3xa.o
 .debug_macro   0x00000000       0x88 cmsis/src/system_sam3xa.o
 .debug_macro   0x00000000       0x88 cmsis/src/system_sam3xa.o
 .debug_macro   0x00000000      0x3b4 cmsis/src/system_sam3xa.o
 .debug_macro   0x00000000       0xb8 cmsis/src/system_sam3xa.o
 .debug_macro   0x00000000       0xb8 cmsis/src/system_sam3xa.o
 .debug_macro   0x00000000       0xb8 cmsis/src/system_sam3xa.o
 .debug_macro   0x00000000       0xb8 cmsis/src/system_sam3xa.o
 .debug_macro   0x00000000      0x2b8 cmsis/src/system_sam3xa.o
 .debug_macro   0x00000000      0x118 cmsis/src/system_sam3xa.o
 .debug_macro   0x00000000      0x216 cmsis/src/system_sam3xa.o
 .debug_macro   0x00000000      0x216 cmsis/src/system_sam3xa.o
 .debug_macro   0x00000000       0x2e cmsis/src/system_sam3xa.o
 .debug_macro   0x00000000       0xac cmsis/src/system_sam3xa.o
 .debug_macro   0x00000000      0x13e cmsis/src/system_sam3xa.o
 .debug_macro   0x00000000       0x7c cmsis/src/system_sam3xa.o
 .debug_macro   0x00000000      0x1f6 cmsis/src/system_sam3xa.o
 .debug_macro   0x00000000       0x64 cmsis/src/system_sam3xa.o
 .debug_macro   0x00000000       0xa6 cmsis/src/system_sam3xa.o
 .debug_macro   0x00000000       0x7c cmsis/src/system_sam3xa.o
 .debug_macro   0x00000000       0x16 cmsis/src/system_sam3xa.o
 .debug_macro   0x00000000       0x22 cmsis/src/system_sam3xa.o
 .debug_macro   0x00000000       0x22 cmsis/src/system_sam3xa.o
 .debug_macro   0x00000000      0x10c cmsis/src/system_sam3xa.o
 .debug_macro   0x00000000      0x10c cmsis/src/system_sam3xa.o
 .debug_macro   0x00000000      0x10c cmsis/src/system_sam3xa.o
 .debug_macro   0x00000000      0x10c cmsis/src/system_sam3xa.o
 .debug_macro   0x00000000       0x1c cmsis/src/system_sam3xa.o
 .debug_macro   0x00000000       0x2e cmsis/src/system_sam3xa.o
 .debug_macro   0x00000000       0x22 cmsis/src/system_sam3xa.o
 .debug_macro   0x00000000       0x1c cmsis/src/system_sam3xa.o
 .debug_macro   0x00000000       0x58 cmsis/src/system_sam3xa.o
 .debug_macro   0x00000000       0x10 cmsis/src/system_sam3xa.o
 .debug_macro   0x00000000      0x27a cmsis/src/system_sam3xa.o
 .debug_macro   0x00000000      0xd34 cmsis/src/system_sam3xa.o
 .debug_macro   0x00000000      0x12a cmsis/src/system_sam3xa.o
 .group         0x00000000        0x8 TinyG3.o
 .group         0x00000000        0x8 TinyG3.o
 .group         0x00000000        0x8 TinyG3.o
 .group         0x00000000        0x8 TinyG3.o
 .group         0x00000000        0x8 TinyG3.o
 .group         0x00000000        0x8 TinyG3.o
 .group         0x00000000        0x8 TinyG3.o
 .group         0x00000000        0x8 TinyG3.o
 .group         0x00000000        0x8 TinyG3.o
 .group         0x00000000        0x8 TinyG3.o
 .group         0x00000000        0x8 TinyG3.o
 .group         0x00000000        0x8 TinyG3.o
 .group         0x00000000        0x8 TinyG3.o
 .group         0x00000000        0x8 TinyG3.o
 .group         0x00000000        0x8 TinyG3.o
 .group         0x00000000        0x8 TinyG3.o
 .group         0x00000000        0x8 TinyG3.o
 .group         0x00000000        0x8 TinyG3.o
 .group         0x00000000        0x8 TinyG3.o
 .group         0x00000000        0x8 TinyG3.o
 .group         0x00000000        0x8 TinyG3.o
 .group         0x00000000        0x8 TinyG3.o
 .group         0x00000000        0x8 TinyG3.o
 .group         0x00000000        0x8 TinyG3.o
 .group         0x00000000        0x8 TinyG3.o
 .group         0x00000000        0x8 TinyG3.o
 .group         0x00000000        0x8 TinyG3.o
 .group         0x00000000        0x8 TinyG3.o
 .group         0x00000000        0x8 TinyG3.o
 .group         0x00000000        0x8 TinyG3.o
 .group         0x00000000        0x8 TinyG3.o
 .group         0x00000000        0x8 TinyG3.o
 .group         0x00000000        0x8 TinyG3.o
 .group         0x00000000        0x8 TinyG3.o
 .group         0x00000000        0x8 TinyG3.o
 .group         0x00000000        0x8 TinyG3.o
 .group         0x00000000        0x8 TinyG3.o
 .group         0x00000000        0x8 TinyG3.o
 .group         0x00000000        0x8 TinyG3.o
 .group         0x00000000        0x8 TinyG3.o
 .group         0x00000000        0x8 TinyG3.o
 .group         0x00000000        0x8 TinyG3.o
 .group         0x00000000        0x8 TinyG3.o
 .group         0x00000000        0x8 TinyG3.o
 .group         0x00000000        0x8 TinyG3.o
 .group         0x00000000        0x8 TinyG3.o
 .group         0x00000000        0x8 TinyG3.o
 .group         0x00000000        0x8 TinyG3.o
 .group         0x00000000        0x8 TinyG3.o
 .group         0x00000000        0x8 TinyG3.o
 .group         0x00000000        0x8 TinyG3.o
 .group         0x00000000        0x8 TinyG3.o
 .group         0x00000000        0x8 TinyG3.o
 .group         0x00000000        0x8 TinyG3.o
 .group         0x00000000        0x8 TinyG3.o
 .group         0x00000000        0x8 TinyG3.o
 .group         0x00000000        0x8 TinyG3.o
 .group         0x00000000        0x8 TinyG3.o
 .group         0x00000000        0x8 TinyG3.o
 .group         0x00000000        0x8 TinyG3.o
 .group         0x00000000        0x8 TinyG3.o
 .group         0x00000000        0x8 TinyG3.o
 .group         0x00000000        0x8 TinyG3.o
 .group         0x00000000        0x8 TinyG3.o
 .group         0x00000000        0x8 TinyG3.o
 .group         0x00000000        0x8 TinyG3.o
 .group         0x00000000        0x8 TinyG3.o
 .group         0x00000000        0x8 TinyG3.o
 .group         0x00000000        0x8 TinyG3.o
 .group         0x00000000        0x8 TinyG3.o
 .group         0x00000000        0x8 TinyG3.o
 .group         0x00000000        0x8 TinyG3.o
 .group         0x00000000        0x8 TinyG3.o
 .group         0x00000000        0x8 TinyG3.o
 .group         0x00000000        0x8 TinyG3.o
 .group         0x00000000        0x8 TinyG3.o
 .text          0x00000000        0x0 TinyG3.o
 .data          0x00000000        0x0 TinyG3.o
 .bss           0x00000000        0x0 TinyG3.o
 .debug_macro   0x00000000       0x10 TinyG3.o
 .debug_macro   0x00000000      0x214 TinyG3.o
 .debug_macro   0x00000000       0x20 TinyG3.o
 .debug_macro   0x00000000       0x34 TinyG3.o
 .debug_macro   0x00000000       0x18 TinyG3.o
 .debug_macro   0x00000000      0xaa7 TinyG3.o
 .debug_macro   0x00000000      0x55a TinyG3.o
 .debug_macro   0x00000000      0x2a6 TinyG3.o
 .debug_macro   0x00000000      0x30b TinyG3.o
 .debug_macro   0x00000000      0x741 TinyG3.o
 .debug_macro   0x00000000       0x82 TinyG3.o
 .debug_macro   0x00000000      0x56c TinyG3.o
 .debug_macro   0x00000000       0x1c TinyG3.o
 .debug_macro   0x00000000      0x6a9 TinyG3.o
 .debug_macro   0x00000000      0x51e TinyG3.o
 .debug_macro   0x00000000       0xbe TinyG3.o
 .debug_macro   0x00000000     0x2333 TinyG3.o
 .debug_macro   0x00000000      0x84f TinyG3.o
 .debug_macro   0x00000000      0xdbb TinyG3.o
 .debug_macro   0x00000000       0x7c TinyG3.o
 .debug_macro   0x00000000      0x256 TinyG3.o
 .debug_macro   0x00000000       0x58 TinyG3.o
 .debug_macro   0x00000000      0x999 TinyG3.o
 .debug_macro   0x00000000      0x22d TinyG3.o
 .debug_macro   0x00000000      0x4d0 TinyG3.o
 .debug_macro   0x00000000      0x6a4 TinyG3.o
 .debug_macro   0x00000000      0x590 TinyG3.o
 .debug_macro   0x00000000       0x46 TinyG3.o
 .debug_macro   0x00000000      0x33f TinyG3.o
 .debug_macro   0x00000000      0x27e TinyG3.o
 .debug_macro   0x00000000     0x14d5 TinyG3.o
 .debug_macro   0x00000000      0x7ab TinyG3.o
 .debug_macro   0x00000000       0x76 TinyG3.o
 .debug_macro   0x00000000       0x82 TinyG3.o
 .debug_macro   0x00000000       0x76 TinyG3.o
 .debug_macro   0x00000000       0x4c TinyG3.o
 .debug_macro   0x00000000      0x100 TinyG3.o
 .debug_macro   0x00000000      0x100 TinyG3.o
 .debug_macro   0x00000000      0x100 TinyG3.o
 .debug_macro   0x00000000       0x88 TinyG3.o
 .debug_macro   0x00000000       0x88 TinyG3.o
 .debug_macro   0x00000000      0x3b4 TinyG3.o
 .debug_macro   0x00000000       0xb8 TinyG3.o
 .debug_macro   0x00000000       0xb8 TinyG3.o
 .debug_macro   0x00000000       0xb8 TinyG3.o
 .debug_macro   0x00000000       0xb8 TinyG3.o
 .debug_macro   0x00000000      0x2b8 TinyG3.o
 .debug_macro   0x00000000      0x118 TinyG3.o
 .debug_macro   0x00000000      0x216 TinyG3.o
 .debug_macro   0x00000000      0x216 TinyG3.o
 .debug_macro   0x00000000       0x2e TinyG3.o
 .debug_macro   0x00000000       0xac TinyG3.o
 .debug_macro   0x00000000      0x13e TinyG3.o
 .debug_macro   0x00000000       0x7c TinyG3.o
 .debug_macro   0x00000000      0x1f6 TinyG3.o
 .debug_macro   0x00000000       0x64 TinyG3.o
 .debug_macro   0x00000000       0xa6 TinyG3.o
 .debug_macro   0x00000000       0x7c TinyG3.o
 .debug_macro   0x00000000       0x16 TinyG3.o
 .debug_macro   0x00000000       0x22 TinyG3.o
 .debug_macro   0x00000000       0x22 TinyG3.o
 .debug_macro   0x00000000      0x10c TinyG3.o
 .debug_macro   0x00000000      0x10c TinyG3.o
 .debug_macro   0x00000000      0x10c TinyG3.o
 .debug_macro   0x00000000      0x10c TinyG3.o
 .debug_macro   0x00000000       0x1c TinyG3.o
 .debug_macro   0x00000000       0x2e TinyG3.o
 .debug_macro   0x00000000       0x22 TinyG3.o
 .debug_macro   0x00000000       0x1c TinyG3.o
 .debug_macro   0x00000000       0x58 TinyG3.o
 .debug_macro   0x00000000       0x10 TinyG3.o
 .debug_macro   0x00000000      0x27a TinyG3.o
 .debug_macro   0x00000000      0xd34 TinyG3.o
 .debug_macro   0x00000000      0x12a TinyG3.o
 .data          0x00000000        0x0 c:/program files/atmel/atmel studio 6.0/extensions/atmel/armgcc/3.3.1.128/armgcctoolchain/bin/../lib/gcc/arm-none-eabi/4.7.0/../../../../arm-none-eabi/lib/thumb\libc.a(lib_a-atexit.o)
 .bss           0x00000000        0x0 c:/program files/atmel/atmel studio 6.0/extensions/atmel/armgcc/3.3.1.128/armgcctoolchain/bin/../lib/gcc/arm-none-eabi/4.7.0/../../../../arm-none-eabi/lib/thumb\libc.a(lib_a-atexit.o)
 .text          0x00000000       0x20 c:/program files/atmel/atmel studio 6.0/extensions/atmel/armgcc/3.3.1.128/armgcctoolchain/bin/../lib/gcc/arm-none-eabi/4.7.0/../../../../arm-none-eabi/lib/thumb\libc.a(lib_a-exit.o)
 .data          0x00000000        0x0 c:/program files/atmel/atmel studio 6.0/extensions/atmel/armgcc/3.3.1.128/armgcctoolchain/bin/../lib/gcc/arm-none-eabi/4.7.0/../../../../arm-none-eabi/lib/thumb\libc.a(lib_a-exit.o)
 .bss           0x00000000        0x0 c:/program files/atmel/atmel studio 6.0/extensions/atmel/armgcc/3.3.1.128/armgcctoolchain/bin/../lib/gcc/arm-none-eabi/4.7.0/../../../../arm-none-eabi/lib/thumb\libc.a(lib_a-exit.o)
 .debug_info    0x00000000      0x9bc c:/program files/atmel/atmel studio 6.0/extensions/atmel/armgcc/3.3.1.128/armgcctoolchain/bin/../lib/gcc/arm-none-eabi/4.7.0/../../../../arm-none-eabi/lib/thumb\libc.a(lib_a-exit.o)
 .debug_abbrev  0x00000000      0x1c6 c:/program files/atmel/atmel studio 6.0/extensions/atmel/armgcc/3.3.1.128/armgcctoolchain/bin/../lib/gcc/arm-none-eabi/4.7.0/../../../../arm-none-eabi/lib/thumb\libc.a(lib_a-exit.o)
 .debug_loc     0x00000000       0x3e c:/program files/atmel/atmel studio 6.0/extensions/atmel/armgcc/3.3.1.128/armgcctoolchain/bin/../lib/gcc/arm-none-eabi/4.7.0/../../../../arm-none-eabi/lib/thumb\libc.a(lib_a-exit.o)
 .debug_aranges
                0x00000000       0x20 c:/program files/atmel/atmel studio 6.0/extensions/atmel/armgcc/3.3.1.128/armgcctoolchain/bin/../lib/gcc/arm-none-eabi/4.7.0/../../../../arm-none-eabi/lib/thumb\libc.a(lib_a-exit.o)
 .debug_line    0x00000000      0x243 c:/program files/atmel/atmel studio 6.0/extensions/atmel/armgcc/3.3.1.128/armgcctoolchain/bin/../lib/gcc/arm-none-eabi/4.7.0/../../../../arm-none-eabi/lib/thumb\libc.a(lib_a-exit.o)
 .debug_str     0x00000000      0x4ee c:/program files/atmel/atmel studio 6.0/extensions/atmel/armgcc/3.3.1.128/armgcctoolchain/bin/../lib/gcc/arm-none-eabi/4.7.0/../../../../arm-none-eabi/lib/thumb\libc.a(lib_a-exit.o)
 .comment       0x00000000       0x34 c:/program files/atmel/atmel studio 6.0/extensions/atmel/armgcc/3.3.1.128/armgcctoolchain/bin/../lib/gcc/arm-none-eabi/4.7.0/../../../../arm-none-eabi/lib/thumb\libc.a(lib_a-exit.o)
 .ARM.attributes
                0x00000000       0x2d c:/program files/atmel/atmel studio 6.0/extensions/atmel/armgcc/3.3.1.128/armgcctoolchain/bin/../lib/gcc/arm-none-eabi/4.7.0/../../../../arm-none-eabi/lib/thumb\libc.a(lib_a-exit.o)
 .debug_frame   0x00000000       0x28 c:/program files/atmel/atmel studio 6.0/extensions/atmel/armgcc/3.3.1.128/armgcctoolchain/bin/../lib/gcc/arm-none-eabi/4.7.0/../../../../arm-none-eabi/lib/thumb\libc.a(lib_a-exit.o)
 .data          0x00000000        0x0 c:/program files/atmel/atmel studio 6.0/extensions/atmel/armgcc/3.3.1.128/armgcctoolchain/bin/../lib/gcc/arm-none-eabi/4.7.0/../../../../arm-none-eabi/lib/thumb\libc.a(lib_a-fini.o)
 .bss           0x00000000        0x0 c:/program files/atmel/atmel studio 6.0/extensions/atmel/armgcc/3.3.1.128/armgcctoolchain/bin/../lib/gcc/arm-none-eabi/4.7.0/../../../../arm-none-eabi/lib/thumb\libc.a(lib_a-fini.o)
 .text          0x00000000        0x0 c:/program files/atmel/atmel studio 6.0/extensions/atmel/armgcc/3.3.1.128/armgcctoolchain/bin/../lib/gcc/arm-none-eabi/4.7.0/../../../../arm-none-eabi/lib/thumb\libc.a(lib_a-impure.o)
 .bss           0x00000000        0x0 c:/program files/atmel/atmel studio 6.0/extensions/atmel/armgcc/3.3.1.128/armgcctoolchain/bin/../lib/gcc/arm-none-eabi/4.7.0/../../../../arm-none-eabi/lib/thumb\libc.a(lib_a-impure.o)
 .data          0x00000000        0x0 c:/program files/atmel/atmel studio 6.0/extensions/atmel/armgcc/3.3.1.128/armgcctoolchain/bin/../lib/gcc/arm-none-eabi/4.7.0/../../../../arm-none-eabi/lib/thumb\libc.a(lib_a-init.o)
 .bss           0x00000000        0x0 c:/program files/atmel/atmel studio 6.0/extensions/atmel/armgcc/3.3.1.128/armgcctoolchain/bin/../lib/gcc/arm-none-eabi/4.7.0/../../../../arm-none-eabi/lib/thumb\libc.a(lib_a-init.o)
 .text          0x00000000       0x10 c:/program files/atmel/atmel studio 6.0/extensions/atmel/armgcc/3.3.1.128/armgcctoolchain/bin/../lib/gcc/arm-none-eabi/4.7.0/../../../../arm-none-eabi/lib/thumb\libc.a(lib_a-memset.o)
 .data          0x00000000        0x0 c:/program files/atmel/atmel studio 6.0/extensions/atmel/armgcc/3.3.1.128/armgcctoolchain/bin/../lib/gcc/arm-none-eabi/4.7.0/../../../../arm-none-eabi/lib/thumb\libc.a(lib_a-memset.o)
 .bss           0x00000000        0x0 c:/program files/atmel/atmel studio 6.0/extensions/atmel/armgcc/3.3.1.128/armgcctoolchain/bin/../lib/gcc/arm-none-eabi/4.7.0/../../../../arm-none-eabi/lib/thumb\libc.a(lib_a-memset.o)
 .debug_info    0x00000000       0xd3 c:/program files/atmel/atmel studio 6.0/extensions/atmel/armgcc/3.3.1.128/armgcctoolchain/bin/../lib/gcc/arm-none-eabi/4.7.0/../../../../arm-none-eabi/lib/thumb\libc.a(lib_a-memset.o)
 .debug_abbrev  0x00000000       0x8c c:/program files/atmel/atmel studio 6.0/extensions/atmel/armgcc/3.3.1.128/armgcctoolchain/bin/../lib/gcc/arm-none-eabi/4.7.0/../../../../arm-none-eabi/lib/thumb\libc.a(lib_a-memset.o)
 .debug_loc     0x00000000       0x3f c:/program files/atmel/atmel studio 6.0/extensions/atmel/armgcc/3.3.1.128/armgcctoolchain/bin/../lib/gcc/arm-none-eabi/4.7.0/../../../../arm-none-eabi/lib/thumb\libc.a(lib_a-memset.o)
 .debug_aranges
                0x00000000       0x20 c:/program files/atmel/atmel studio 6.0/extensions/atmel/armgcc/3.3.1.128/armgcctoolchain/bin/../lib/gcc/arm-none-eabi/4.7.0/../../../../arm-none-eabi/lib/thumb\libc.a(lib_a-memset.o)
 .debug_line    0x00000000      0x1af c:/program files/atmel/atmel studio 6.0/extensions/atmel/armgcc/3.3.1.128/armgcctoolchain/bin/../lib/gcc/arm-none-eabi/4.7.0/../../../../arm-none-eabi/lib/thumb\libc.a(lib_a-memset.o)
 .debug_str     0x00000000      0x11b c:/program files/atmel/atmel studio 6.0/extensions/atmel/armgcc/3.3.1.128/armgcctoolchain/bin/../lib/gcc/arm-none-eabi/4.7.0/../../../../arm-none-eabi/lib/thumb\libc.a(lib_a-memset.o)
 .comment       0x00000000       0x34 c:/program files/atmel/atmel studio 6.0/extensions/atmel/armgcc/3.3.1.128/armgcctoolchain/bin/../lib/gcc/arm-none-eabi/4.7.0/../../../../arm-none-eabi/lib/thumb\libc.a(lib_a-memset.o)
 .ARM.attributes
                0x00000000       0x2d c:/program files/atmel/atmel studio 6.0/extensions/atmel/armgcc/3.3.1.128/armgcctoolchain/bin/../lib/gcc/arm-none-eabi/4.7.0/../../../../arm-none-eabi/lib/thumb\libc.a(lib_a-memset.o)
 .debug_frame   0x00000000       0x20 c:/program files/atmel/atmel studio 6.0/extensions/atmel/armgcc/3.3.1.128/armgcctoolchain/bin/../lib/gcc/arm-none-eabi/4.7.0/../../../../arm-none-eabi/lib/thumb\libc.a(lib_a-memset.o)
 .data          0x00000000        0x0 c:/program files/atmel/atmel studio 6.0/extensions/atmel/armgcc/3.3.1.128/armgcctoolchain/bin/../lib/gcc/arm-none-eabi/4.7.0/../../../../arm-none-eabi/lib/thumb\libc.a(lib_a-__atexit.o)
 .bss           0x00000000        0x0 c:/program files/atmel/atmel studio 6.0/extensions/atmel/armgcc/3.3.1.128/armgcctoolchain/bin/../lib/gcc/arm-none-eabi/4.7.0/../../../../arm-none-eabi/lib/thumb\libc.a(lib_a-__atexit.o)
 .text          0x00000000       0xcc c:/program files/atmel/atmel studio 6.0/extensions/atmel/armgcc/3.3.1.128/armgcctoolchain/bin/../lib/gcc/arm-none-eabi/4.7.0/../../../../arm-none-eabi/lib/thumb\libc.a(lib_a-__call_atexit.o)
 .data          0x00000000        0x0 c:/program files/atmel/atmel studio 6.0/extensions/atmel/armgcc/3.3.1.128/armgcctoolchain/bin/../lib/gcc/arm-none-eabi/4.7.0/../../../../arm-none-eabi/lib/thumb\libc.a(lib_a-__call_atexit.o)
 .bss           0x00000000        0x0 c:/program files/atmel/atmel studio 6.0/extensions/atmel/armgcc/3.3.1.128/armgcctoolchain/bin/../lib/gcc/arm-none-eabi/4.7.0/../../../../arm-none-eabi/lib/thumb\libc.a(lib_a-__call_atexit.o)
 .text          0x00000000        0x0 c:/program files/atmel/atmel studio 6.0/extensions/atmel/armgcc/3.3.1.128/armgcctoolchain/bin/../lib/gcc/arm-none-eabi/4.7.0/thumb/crtend.o
 .data          0x00000000        0x0 c:/program files/atmel/atmel studio 6.0/extensions/atmel/armgcc/3.3.1.128/armgcctoolchain/bin/../lib/gcc/arm-none-eabi/4.7.0/thumb/crtend.o
 .bss           0x00000000        0x0 c:/program files/atmel/atmel studio 6.0/extensions/atmel/armgcc/3.3.1.128/armgcctoolchain/bin/../lib/gcc/arm-none-eabi/4.7.0/thumb/crtend.o
 .eh_frame      0x00000000        0x4 c:/program files/atmel/atmel studio 6.0/extensions/atmel/armgcc/3.3.1.128/armgcctoolchain/bin/../lib/gcc/arm-none-eabi/4.7.0/thumb/crtend.o
 .jcr           0x00000000        0x4 c:/program files/atmel/atmel studio 6.0/extensions/atmel/armgcc/3.3.1.128/armgcctoolchain/bin/../lib/gcc/arm-none-eabi/4.7.0/thumb/crtend.o
 .text          0x00000000        0x0 c:/program files/atmel/atmel studio 6.0/extensions/atmel/armgcc/3.3.1.128/armgcctoolchain/bin/../lib/gcc/arm-none-eabi/4.7.0/thumb/crtn.o
 .data          0x00000000        0x0 c:/program files/atmel/atmel studio 6.0/extensions/atmel/armgcc/3.3.1.128/armgcctoolchain/bin/../lib/gcc/arm-none-eabi/4.7.0/thumb/crtn.o
 .bss           0x00000000        0x0 c:/program files/atmel/atmel studio 6.0/extensions/atmel/armgcc/3.3.1.128/armgcctoolchain/bin/../lib/gcc/arm-none-eabi/4.7.0/thumb/crtn.o

Memory Configuration

Name             Origin             Length             Attributes
rom              0x00080000         0x00080000         xr
sram0            0x20000000         0x00010000         xrw
sram1            0x20080000         0x00008000         xrw
ram              0x20070000         0x00018000         xrw
*default*        0x00000000         0xffffffff

Linker script and memory map

LOAD c:/program files/atmel/atmel studio 6.0/extensions/atmel/armgcc/3.3.1.128/armgcctoolchain/bin/../lib/gcc/arm-none-eabi/4.7.0/thumb/crti.o
LOAD c:/program files/atmel/atmel studio 6.0/extensions/atmel/armgcc/3.3.1.128/armgcctoolchain/bin/../lib/gcc/arm-none-eabi/4.7.0/thumb/crtbegin.o
LOAD c:/program files/atmel/atmel studio 6.0/extensions/atmel/armgcc/3.3.1.128/armgcctoolchain/bin/../lib/gcc/arm-none-eabi/4.7.0/../../../../arm-none-eabi/lib/thumb/crt0.o
LOAD cmsis/src/startup_sam3xa.o
LOAD cmsis/src/system_sam3xa.o
LOAD TinyG3.o
START GROUP
END GROUP
LOAD c:/program files/atmel/atmel studio 6.0/extensions/atmel/armgcc/3.3.1.128/armgcctoolchain/bin/../lib/gcc/arm-none-eabi/4.7.0/../../../../arm-none-eabi/lib/thumb\libstdc++.a
LOAD c:/program files/atmel/atmel studio 6.0/extensions/atmel/armgcc/3.3.1.128/armgcctoolchain/bin/../lib/gcc/arm-none-eabi/4.7.0/../../../../arm-none-eabi/lib/thumb\libm.a
START GROUP
LOAD c:/program files/atmel/atmel studio 6.0/extensions/atmel/armgcc/3.3.1.128/armgcctoolchain/bin/../lib/gcc/arm-none-eabi/4.7.0/thumb\libgcc.a
LOAD c:/program files/atmel/atmel studio 6.0/extensions/atmel/armgcc/3.3.1.128/armgcctoolchain/bin/../lib/gcc/arm-none-eabi/4.7.0/../../../../arm-none-eabi/lib/thumb\libc.a
END GROUP
LOAD c:/program files/atmel/atmel studio 6.0/extensions/atmel/armgcc/3.3.1.128/armgcctoolchain/bin/../lib/gcc/arm-none-eabi/4.7.0/thumb/crtend.o
LOAD c:/program files/atmel/atmel studio 6.0/extensions/atmel/armgcc/3.3.1.128/armgcctoolchain/bin/../lib/gcc/arm-none-eabi/4.7.0/thumb/crtn.o
                [0x00002000]                STACK_SIZE = DEFINED (STACK_SIZE)?STACK_SIZE:0x2000

.text           0x00080000      0x504
                0x00080000                . = ALIGN (0x4)
                0x00080000                _sfixed = .
 *(.vectors .vectors.*)
 .vectors       0x00080000       0xf4 cmsis/src/startup_sam3xa.o
                0x00080000                exception_table
 *(.text .text.* .gnu.linkonce.t.*)
 .text          0x000800f4       0xb0 c:/program files/atmel/atmel studio 6.0/extensions/atmel/armgcc/3.3.1.128/armgcctoolchain/bin/../lib/gcc/arm-none-eabi/4.7.0/thumb/crtbegin.o
 .text.Dummy_Handler
                0x000801a4        0x4 cmsis/src/startup_sam3xa.o
                0x000801a4                DACC_Handler
                0x000801a4                DebugMon_Handler
                0x000801a4                DMAC_Handler
                0x000801a4                TRNG_Handler
                0x000801a4                HardFault_Handler
                0x000801a4                TC2_Handler
                0x000801a4                SysTick_Handler
                0x000801a4                USART3_Handler
                0x000801a4                TWI1_Handler
                0x000801a4                PendSV_Handler
                0x000801a4                NMI_Handler
                0x000801a4                TC7_Handler
                0x000801a4                ADC_Handler
                0x000801a4                SMC_Handler
                0x000801a4                USART0_Handler
                0x000801a4                RTT_Handler
                0x000801a4                EFC1_Handler
                0x000801a4                PIOB_Handler
                0x000801a4                RTC_Handler
                0x000801a4                UsageFault_Handler
                0x000801a4                TC6_Handler
                0x000801a4                WDT_Handler
                0x000801a4                CAN0_Handler
                0x000801a4                TC4_Handler
                0x000801a4                TC1_Handler
                0x000801a4                HSMCI_Handler
                0x000801a4                TC3_Handler
                0x000801a4                Dummy_Handler
                0x000801a4                TWI0_Handler
                0x000801a4                USART1_Handler
                0x000801a4                PIOA_Handler
                0x000801a4                SSC_Handler
                0x000801a4                EFC0_Handler
                0x000801a4                PMC_Handler
                0x000801a4                PWM_Handler
                0x000801a4                CAN1_Handler
                0x000801a4                MemManage_Handler
                0x000801a4                SUPC_Handler
                0x000801a4                SVC_Handler
                0x000801a4                TC8_Handler
                0x000801a4                USART2_Handler
                0x000801a4                PIOD_Handler
                0x000801a4                EMAC_Handler
                0x000801a4                UART_Handler
                0x000801a4                PIOC_Handler
                0x000801a4                BusFault_Handler
                0x000801a4                RSTC_Handler
                0x000801a4                TC0_Handler
                0x000801a4                TC5_Handler
                0x000801a4                UOTGHS_Handler
                0x000801a4                SPI0_Handler
 .text.Reset_Handler
                0x000801a8       0xe4 cmsis/src/startup_sam3xa.o
                0x000801a8                Reset_Handler
 .text.SystemInit
                0x0008028c      0x104 cmsis/src/system_sam3xa.o
                0x0008028c                SystemInit
 .text.main     0x00080390       0x10 TinyG3.o
                0x00080390                main
 .text          0x000803a0        0xc c:/program files/atmel/atmel studio 6.0/extensions/atmel/armgcc/3.3.1.128/armgcctoolchain/bin/../lib/gcc/arm-none-eabi/4.7.0/../../../../arm-none-eabi/lib/thumb\libc.a(lib_a-atexit.o)
                0x000803a0                atexit
 .text          0x000803ac       0x30 c:/program files/atmel/atmel studio 6.0/extensions/atmel/armgcc/3.3.1.128/armgcctoolchain/bin/../lib/gcc/arm-none-eabi/4.7.0/../../../../arm-none-eabi/lib/thumb\libc.a(lib_a-fini.o)
                0x000803ac                __libc_fini_array
 .text          0x000803dc       0x4c c:/program files/atmel/atmel studio 6.0/extensions/atmel/armgcc/3.3.1.128/armgcctoolchain/bin/../lib/gcc/arm-none-eabi/4.7.0/../../../../arm-none-eabi/lib/thumb\libc.a(lib_a-init.o)
                0x000803dc                __libc_init_array
 .text          0x00080428       0x9c c:/program files/atmel/atmel studio 6.0/extensions/atmel/armgcc/3.3.1.128/armgcctoolchain/bin/../lib/gcc/arm-none-eabi/4.7.0/../../../../arm-none-eabi/lib/thumb\libc.a(lib_a-__atexit.o)
                0x00080428                __register_exitproc
 .text.startup  0x000804c4       0x14 c:/program files/atmel/atmel studio 6.0/extensions/atmel/armgcc/3.3.1.128/armgcctoolchain/bin/../lib/gcc/arm-none-eabi/4.7.0/../../../../arm-none-eabi/lib/thumb\libc.a(lib_a-__call_atexit.o)
 *(.glue_7t)
 .glue_7t       0x00000000        0x0 linker stubs
 *(.glue_7)
 .glue_7        0x00000000        0x0 linker stubs
 *(.rodata .rodata* .gnu.linkonce.r.*)
 .rodata        0x000804d8        0x4 c:/program files/atmel/atmel studio 6.0/extensions/atmel/armgcc/3.3.1.128/armgcctoolchain/bin/../lib/gcc/arm-none-eabi/4.7.0/../../../../arm-none-eabi/lib/thumb\libc.a(lib_a-impure.o)
                0x000804d8                _global_impure_ptr
 .rodata.str1.1
                0x000804dc        0x2 c:/program files/atmel/atmel studio 6.0/extensions/atmel/armgcc/3.3.1.128/armgcctoolchain/bin/../lib/gcc/arm-none-eabi/4.7.0/../../../../arm-none-eabi/lib/thumb\libc.a(lib_a-impure.o)
 *(.ARM.extab* .gnu.linkonce.armextab.*)
                0x000804e0                . = ALIGN (0x4)
 *fill*         0x000804de        0x2 00
 *(.init)
 .init          0x000804e0        0x4 c:/program files/atmel/atmel studio 6.0/extensions/atmel/armgcc/3.3.1.128/armgcctoolchain/bin/../lib/gcc/arm-none-eabi/4.7.0/thumb/crti.o
                0x000804e0                _init
 .init          0x000804e4        0x8 c:/program files/atmel/atmel studio 6.0/extensions/atmel/armgcc/3.3.1.128/armgcctoolchain/bin/../lib/gcc/arm-none-eabi/4.7.0/thumb/crtn.o
                0x000804ec                . = ALIGN (0x4)
                0x000804ec                __preinit_array_start = .
 *(.preinit_array)
                0x000804ec                __preinit_array_end = .
                0x000804ec                . = ALIGN (0x4)
                0x000804ec                __init_array_start = .
 *(SORT(.init_array.*))
 .init_array.00000
                0x000804ec        0x4 c:/program files/atmel/atmel studio 6.0/extensions/atmel/armgcc/3.3.1.128/armgcctoolchain/bin/../lib/gcc/arm-none-eabi/4.7.0/../../../../arm-none-eabi/lib/thumb\libc.a(lib_a-__call_atexit.o)
 *(.init_array)
 .init_array    0x000804f0        0x4 c:/program files/atmel/atmel studio 6.0/extensions/atmel/armgcc/3.3.1.128/armgcctoolchain/bin/../lib/gcc/arm-none-eabi/4.7.0/thumb/crtbegin.o
                0x000804f4                __init_array_end = .
                0x000804f4                . = ALIGN (0x4)
 *crtbegin.o(.ctors)
 *(EXCLUDE_FILE(*crtend.o) .ctors)
 *(SORT(.ctors.*))
 *crtend.o(.ctors)
                0x000804f4                . = ALIGN (0x4)
 *(.fini)
 .fini          0x000804f4        0x4 c:/program files/atmel/atmel studio 6.0/extensions/atmel/armgcc/3.3.1.128/armgcctoolchain/bin/../lib/gcc/arm-none-eabi/4.7.0/thumb/crti.o
                0x000804f4                _fini
 .fini          0x000804f8        0x8 c:/program files/atmel/atmel studio 6.0/extensions/atmel/armgcc/3.3.1.128/armgcctoolchain/bin/../lib/gcc/arm-none-eabi/4.7.0/thumb/crtn.o
                0x00080500                . = ALIGN (0x4)
                0x00080500                __fini_array_start = .
 *(.fini_array)
 .fini_array    0x00080500        0x4 c:/program files/atmel/atmel studio 6.0/extensions/atmel/armgcc/3.3.1.128/armgcctoolchain/bin/../lib/gcc/arm-none-eabi/4.7.0/thumb/crtbegin.o
 *(SORT(.fini_array.*))
                0x00080504                __fini_array_end = .
 *crtbegin.o(.dtors)
 *(EXCLUDE_FILE(*crtend.o) .dtors)
 *(SORT(.dtors.*))
 *crtend.o(.dtors)
                0x00080504                . = ALIGN (0x4)
                0x00080504                _efixed = .
                0x00080504                PROVIDE (__exidx_start, .)

.vfp11_veneer   0x00080504        0x0
 .vfp11_veneer  0x00000000        0x0 linker stubs

.v4_bx          0x00080504        0x0
 .v4_bx         0x00000000        0x0 linker stubs

.iplt           0x00080504        0x0
 .iplt          0x00000000        0x0 c:/program files/atmel/atmel studio 6.0/extensions/atmel/armgcc/3.3.1.128/armgcctoolchain/bin/../lib/gcc/arm-none-eabi/4.7.0/thumb/crtbegin.o

.eh_frame       0x00080504        0x0
 .eh_frame      0x00080504        0x0 c:/program files/atmel/atmel studio 6.0/extensions/atmel/armgcc/3.3.1.128/armgcctoolchain/bin/../lib/gcc/arm-none-eabi/4.7.0/thumb/crtbegin.o

.rel.dyn        0x00080504        0x0
 .rel.iplt      0x00000000        0x0 c:/program files/atmel/atmel studio 6.0/extensions/atmel/armgcc/3.3.1.128/armgcctoolchain/bin/../lib/gcc/arm-none-eabi/4.7.0/thumb/crtbegin.o

.jcr            0x00080504        0x0
 .jcr           0x00080504        0x0 c:/program files/atmel/atmel studio 6.0/extensions/atmel/armgcc/3.3.1.128/armgcctoolchain/bin/../lib/gcc/arm-none-eabi/4.7.0/thumb/crtbegin.o

.tm_clone_table
                0x00080504        0x0
 .tm_clone_table
                0x00080504        0x0 c:/program files/atmel/atmel studio 6.0/extensions/atmel/armgcc/3.3.1.128/armgcctoolchain/bin/../lib/gcc/arm-none-eabi/4.7.0/thumb/crtbegin.o
 .tm_clone_table
                0x00080504        0x0 c:/program files/atmel/atmel studio 6.0/extensions/atmel/armgcc/3.3.1.128/armgcctoolchain/bin/../lib/gcc/arm-none-eabi/4.7.0/thumb/crtend.o

.igot.plt       0x00080504        0x0
 .igot.plt      0x00000000        0x0 c:/program files/atmel/atmel studio 6.0/extensions/atmel/armgcc/3.3.1.128/armgcctoolchain/bin/../lib/gcc/arm-none-eabi/4.7.0/thumb/crtbegin.o

.ARM.exidx
 *(.ARM.exidx* .gnu.linkonce.armexidx.*)
                0x00080504                PROVIDE (__exidx_end, .)
                0x00080504                . = ALIGN (0x4)
                0x00080504                _etext = .

.relocate       0x20070000      0x438 load address 0x00080504
                0x20070000                . = ALIGN (0x4)
                0x20070000                _srelocate = .
 *(.ramfunc .ramfunc.*)
 *(.data .data.*)
 .data          0x20070000        0x4 cmsis/src/system_sam3xa.o
                0x20070000                SystemCoreClock
 *fill*         0x20070004        0x4 00
 .data          0x20070008      0x430 c:/program files/atmel/atmel studio 6.0/extensions/atmel/armgcc/3.3.1.128/armgcctoolchain/bin/../lib/gcc/arm-none-eabi/4.7.0/../../../../arm-none-eabi/lib/thumb\libc.a(lib_a-impure.o)
                0x20070008                _impure_ptr
                0x20070438                . = ALIGN (0x4)
                0x20070438                _erelocate = .

.bss            0x20070438       0x1c load address 0x0008093c
                0x20070438                . = ALIGN (0x4)
                0x20070438                _sbss = .
                0x20070438                _szero = .
 *(.bss .bss.*)
 .bss           0x20070438       0x1c c:/program files/atmel/atmel studio 6.0/extensions/atmel/armgcc/3.3.1.128/armgcctoolchain/bin/../lib/gcc/arm-none-eabi/4.7.0/thumb/crtbegin.o
 *(COMMON)
                0x20070454                . = ALIGN (0x4)
                0x20070454                _ebss = .
                0x20070454                _ezero = .

.stack          0x20070454     0x2004 load address 0x00080958
                0x20070458                . = ALIGN (0x8)
 *fill*         0x20070454        0x4 00
                0x20070458                _sstack = .
                0x20072458                . = (. + STACK_SIZE)
 *fill*         0x20070458     0x2000 00
                0x20072458                . = ALIGN (0x8)
                0x20072458                _estack = .
                0x20072458                . = ALIGN (0x4)
                0x20072458                _end = .
OUTPUT(TinyG3.elf elf32-littlearm)

.ARM.attributes
                0x00000000       0x29
 .ARM.attributes
                0x00000000       0x1d c:/program files/atmel/atmel studio 6.0/extensions/atmel/armgcc/3.3.1.128/armgcctoolchain/bin/../lib/gcc/arm-none-eabi/4.7.0/thumb/crti.o
 .ARM.attributes
                0x0000001d       0x2d c:/program files/atmel/atmel studio 6.0/extensions/atmel/armgcc/3.3.1.128/armgcctoolchain/bin/../lib/gcc/arm-none-eabi/4.7.0/thumb/crtbegin.o
 .ARM.attributes
                0x0000004a       0x33 cmsis/src/startup_sam3xa.o
 .ARM.attributes
                0x0000007d       0x33 cmsis/src/system_sam3xa.o
 .ARM.attributes
                0x000000b0       0x33 TinyG3.o
 .ARM.attributes
                0x000000e3       0x2d c:/program files/atmel/atmel studio 6.0/extensions/atmel/armgcc/3.3.1.128/armgcctoolchain/bin/../lib/gcc/arm-none-eabi/4.7.0/../../../../arm-none-eabi/lib/thumb\libc.a(lib_a-atexit.o)
 .ARM.attributes
                0x00000110       0x2d c:/program files/atmel/atmel studio 6.0/extensions/atmel/armgcc/3.3.1.128/armgcctoolchain/bin/../lib/gcc/arm-none-eabi/4.7.0/../../../../arm-none-eabi/lib/thumb\libc.a(lib_a-fini.o)
 .ARM.attributes
                0x0000013d       0x2d c:/program files/atmel/atmel studio 6.0/extensions/atmel/armgcc/3.3.1.128/armgcctoolchain/bin/../lib/gcc/arm-none-eabi/4.7.0/../../../../arm-none-eabi/lib/thumb\libc.a(lib_a-impure.o)
 .ARM.attributes
                0x0000016a       0x2d c:/program files/atmel/atmel studio 6.0/extensions/atmel/armgcc/3.3.1.128/armgcctoolchain/bin/../lib/gcc/arm-none-eabi/4.7.0/../../../../arm-none-eabi/lib/thumb\libc.a(lib_a-init.o)
 .ARM.attributes
                0x00000197       0x2d c:/program files/atmel/atmel studio 6.0/extensions/atmel/armgcc/3.3.1.128/armgcctoolchain/bin/../lib/gcc/arm-none-eabi/4.7.0/../../../../arm-none-eabi/lib/thumb\libc.a(lib_a-__atexit.o)
 .ARM.attributes
                0x000001c4       0x2d c:/program files/atmel/atmel studio 6.0/extensions/atmel/armgcc/3.3.1.128/armgcctoolchain/bin/../lib/gcc/arm-none-eabi/4.7.0/../../../../arm-none-eabi/lib/thumb\libc.a(lib_a-__call_atexit.o)
 .ARM.attributes
                0x000001f1       0x2d c:/program files/atmel/atmel studio 6.0/extensions/atmel/armgcc/3.3.1.128/armgcctoolchain/bin/../lib/gcc/arm-none-eabi/4.7.0/thumb/crtend.o
 .ARM.attributes
                0x0000021e       0x1d c:/program files/atmel/atmel studio 6.0/extensions/atmel/armgcc/3.3.1.128/armgcctoolchain/bin/../lib/gcc/arm-none-eabi/4.7.0/thumb/crtn.o

.comment        0x00000000       0x33
 .comment       0x00000000       0x33 c:/program files/atmel/atmel studio 6.0/extensions/atmel/armgcc/3.3.1.128/armgcctoolchain/bin/../lib/gcc/arm-none-eabi/4.7.0/thumb/crtbegin.o
                                 0x34 (size before relaxing)
 .comment       0x00000000       0x34 cmsis/src/startup_sam3xa.o
 .comment       0x00000000       0x34 cmsis/src/system_sam3xa.o
 .comment       0x00000000       0x34 TinyG3.o
 .comment       0x00000000       0x34 c:/program files/atmel/atmel studio 6.0/extensions/atmel/armgcc/3.3.1.128/armgcctoolchain/bin/../lib/gcc/arm-none-eabi/4.7.0/../../../../arm-none-eabi/lib/thumb\libc.a(lib_a-atexit.o)
 .comment       0x00000000       0x34 c:/program files/atmel/atmel studio 6.0/extensions/atmel/armgcc/3.3.1.128/armgcctoolchain/bin/../lib/gcc/arm-none-eabi/4.7.0/../../../../arm-none-eabi/lib/thumb\libc.a(lib_a-fini.o)
 .comment       0x00000000       0x34 c:/program files/atmel/atmel studio 6.0/extensions/atmel/armgcc/3.3.1.128/armgcctoolchain/bin/../lib/gcc/arm-none-eabi/4.7.0/../../../../arm-none-eabi/lib/thumb\libc.a(lib_a-impure.o)
 .comment       0x00000000       0x34 c:/program files/atmel/atmel studio 6.0/extensions/atmel/armgcc/3.3.1.128/armgcctoolchain/bin/../lib/gcc/arm-none-eabi/4.7.0/../../../../arm-none-eabi/lib/thumb\libc.a(lib_a-init.o)
 .comment       0x00000000       0x34 c:/program files/atmel/atmel studio 6.0/extensions/atmel/armgcc/3.3.1.128/armgcctoolchain/bin/../lib/gcc/arm-none-eabi/4.7.0/../../../../arm-none-eabi/lib/thumb\libc.a(lib_a-__atexit.o)
 .comment       0x00000000       0x34 c:/program files/atmel/atmel studio 6.0/extensions/atmel/armgcc/3.3.1.128/armgcctoolchain/bin/../lib/gcc/arm-none-eabi/4.7.0/../../../../arm-none-eabi/lib/thumb\libc.a(lib_a-__call_atexit.o)
 .comment       0x00000000       0x34 c:/program files/atmel/atmel studio 6.0/extensions/atmel/armgcc/3.3.1.128/armgcctoolchain/bin/../lib/gcc/arm-none-eabi/4.7.0/thumb/crtend.o

.debug_info     0x00000000     0x2cee
 .debug_info    0x00000000      0x6c9 cmsis/src/startup_sam3xa.o
 .debug_info    0x000006c9      0x460 cmsis/src/system_sam3xa.o
 .debug_info    0x00000b29       0xbc TinyG3.o
 .debug_info    0x00000be5      0x10f c:/program files/atmel/atmel studio 6.0/extensions/atmel/armgcc/3.3.1.128/armgcctoolchain/bin/../lib/gcc/arm-none-eabi/4.7.0/../../../../arm-none-eabi/lib/thumb\libc.a(lib_a-atexit.o)
 .debug_info    0x00000cf4       0xf7 c:/program files/atmel/atmel studio 6.0/extensions/atmel/armgcc/3.3.1.128/armgcctoolchain/bin/../lib/gcc/arm-none-eabi/4.7.0/../../../../arm-none-eabi/lib/thumb\libc.a(lib_a-fini.o)
 .debug_info    0x00000deb      0x961 c:/program files/atmel/atmel studio 6.0/extensions/atmel/armgcc/3.3.1.128/armgcctoolchain/bin/../lib/gcc/arm-none-eabi/4.7.0/../../../../arm-none-eabi/lib/thumb\libc.a(lib_a-impure.o)
 .debug_info    0x0000174c      0x112 c:/program files/atmel/atmel studio 6.0/extensions/atmel/armgcc/3.3.1.128/armgcctoolchain/bin/../lib/gcc/arm-none-eabi/4.7.0/../../../../arm-none-eabi/lib/thumb\libc.a(lib_a-init.o)
 .debug_info    0x0000185e      0xa15 c:/program files/atmel/atmel studio 6.0/extensions/atmel/armgcc/3.3.1.128/armgcctoolchain/bin/../lib/gcc/arm-none-eabi/4.7.0/../../../../arm-none-eabi/lib/thumb\libc.a(lib_a-__atexit.o)
 .debug_info    0x00002273      0xa7b c:/program files/atmel/atmel studio 6.0/extensions/atmel/armgcc/3.3.1.128/armgcctoolchain/bin/../lib/gcc/arm-none-eabi/4.7.0/../../../../arm-none-eabi/lib/thumb\libc.a(lib_a-__call_atexit.o)

.debug_abbrev   0x00000000      0xaa4
 .debug_abbrev  0x00000000      0x13d cmsis/src/startup_sam3xa.o
 .debug_abbrev  0x0000013d       0xf5 cmsis/src/system_sam3xa.o
 .debug_abbrev  0x00000232       0x77 TinyG3.o
 .debug_abbrev  0x000002a9       0xb6 c:/program files/atmel/atmel studio 6.0/extensions/atmel/armgcc/3.3.1.128/armgcctoolchain/bin/../lib/gcc/arm-none-eabi/4.7.0/../../../../arm-none-eabi/lib/thumb\libc.a(lib_a-atexit.o)
 .debug_abbrev  0x0000035f       0xbb c:/program files/atmel/atmel studio 6.0/extensions/atmel/armgcc/3.3.1.128/armgcctoolchain/bin/../lib/gcc/arm-none-eabi/4.7.0/../../../../arm-none-eabi/lib/thumb\libc.a(lib_a-fini.o)
 .debug_abbrev  0x0000041a      0x160 c:/program files/atmel/atmel studio 6.0/extensions/atmel/armgcc/3.3.1.128/armgcctoolchain/bin/../lib/gcc/arm-none-eabi/4.7.0/../../../../arm-none-eabi/lib/thumb\libc.a(lib_a-impure.o)
 .debug_abbrev  0x0000057a       0xb8 c:/program files/atmel/atmel studio 6.0/extensions/atmel/armgcc/3.3.1.128/armgcctoolchain/bin/../lib/gcc/arm-none-eabi/4.7.0/../../../../arm-none-eabi/lib/thumb\libc.a(lib_a-init.o)
 .debug_abbrev  0x00000632      0x1fe c:/program files/atmel/atmel studio 6.0/extensions/atmel/armgcc/3.3.1.128/armgcctoolchain/bin/../lib/gcc/arm-none-eabi/4.7.0/../../../../arm-none-eabi/lib/thumb\libc.a(lib_a-__atexit.o)
 .debug_abbrev  0x00000830      0x274 c:/program files/atmel/atmel studio 6.0/extensions/atmel/armgcc/3.3.1.128/armgcctoolchain/bin/../lib/gcc/arm-none-eabi/4.7.0/../../../../arm-none-eabi/lib/thumb\libc.a(lib_a-__call_atexit.o)

.debug_loc      0x00000000      0x30f
 .debug_loc     0x00000000       0x20 cmsis/src/startup_sam3xa.o
 .debug_loc     0x00000020       0x20 TinyG3.o
 .debug_loc     0x00000040       0x2c c:/program files/atmel/atmel studio 6.0/extensions/atmel/armgcc/3.3.1.128/armgcctoolchain/bin/../lib/gcc/arm-none-eabi/4.7.0/../../../../arm-none-eabi/lib/thumb\libc.a(lib_a-atexit.o)
 .debug_loc     0x0000006c       0x33 c:/program files/atmel/atmel studio 6.0/extensions/atmel/armgcc/3.3.1.128/armgcctoolchain/bin/../lib/gcc/arm-none-eabi/4.7.0/../../../../arm-none-eabi/lib/thumb\libc.a(lib_a-fini.o)
 .debug_loc     0x0000009f       0x74 c:/program files/atmel/atmel studio 6.0/extensions/atmel/armgcc/3.3.1.128/armgcctoolchain/bin/../lib/gcc/arm-none-eabi/4.7.0/../../../../arm-none-eabi/lib/thumb\libc.a(lib_a-init.o)
 .debug_loc     0x00000113       0xfa c:/program files/atmel/atmel studio 6.0/extensions/atmel/armgcc/3.3.1.128/armgcctoolchain/bin/../lib/gcc/arm-none-eabi/4.7.0/../../../../arm-none-eabi/lib/thumb\libc.a(lib_a-__atexit.o)
 .debug_loc     0x0000020d      0x102 c:/program files/atmel/atmel studio 6.0/extensions/atmel/armgcc/3.3.1.128/armgcctoolchain/bin/../lib/gcc/arm-none-eabi/4.7.0/../../../../arm-none-eabi/lib/thumb\libc.a(lib_a-__call_atexit.o)

.debug_aranges  0x00000000      0x138
 .debug_aranges
                0x00000000       0x28 cmsis/src/startup_sam3xa.o
 .debug_aranges
                0x00000028       0x30 cmsis/src/system_sam3xa.o
 .debug_aranges
                0x00000058       0x20 TinyG3.o
 .debug_aranges
                0x00000078       0x20 c:/program files/atmel/atmel studio 6.0/extensions/atmel/armgcc/3.3.1.128/armgcctoolchain/bin/../lib/gcc/arm-none-eabi/4.7.0/../../../../arm-none-eabi/lib/thumb\libc.a(lib_a-atexit.o)
 .debug_aranges
                0x00000098       0x20 c:/program files/atmel/atmel studio 6.0/extensions/atmel/armgcc/3.3.1.128/armgcctoolchain/bin/../lib/gcc/arm-none-eabi/4.7.0/../../../../arm-none-eabi/lib/thumb\libc.a(lib_a-fini.o)
 .debug_aranges
                0x000000b8       0x18 c:/program files/atmel/atmel studio 6.0/extensions/atmel/armgcc/3.3.1.128/armgcctoolchain/bin/../lib/gcc/arm-none-eabi/4.7.0/../../../../arm-none-eabi/lib/thumb\libc.a(lib_a-impure.o)
 .debug_aranges
                0x000000d0       0x20 c:/program files/atmel/atmel studio 6.0/extensions/atmel/armgcc/3.3.1.128/armgcctoolchain/bin/../lib/gcc/arm-none-eabi/4.7.0/../../../../arm-none-eabi/lib/thumb\libc.a(lib_a-init.o)
 .debug_aranges
                0x000000f0       0x20 c:/program files/atmel/atmel studio 6.0/extensions/atmel/armgcc/3.3.1.128/armgcctoolchain/bin/../lib/gcc/arm-none-eabi/4.7.0/../../../../arm-none-eabi/lib/thumb\libc.a(lib_a-__atexit.o)
 .debug_aranges
                0x00000110       0x28 c:/program files/atmel/atmel studio 6.0/extensions/atmel/armgcc/3.3.1.128/armgcctoolchain/bin/../lib/gcc/arm-none-eabi/4.7.0/../../../../arm-none-eabi/lib/thumb\libc.a(lib_a-__call_atexit.o)

.debug_ranges   0x00000000       0xa8
 .debug_ranges  0x00000000       0x18 cmsis/src/startup_sam3xa.o
 .debug_ranges  0x00000018       0x20 cmsis/src/system_sam3xa.o
 .debug_ranges  0x00000038       0x10 TinyG3.o
 .debug_ranges  0x00000048       0x60 c:/program files/atmel/atmel studio 6.0/extensions/atmel/armgcc/3.3.1.128/armgcctoolchain/bin/../lib/gcc/arm-none-eabi/4.7.0/../../../../arm-none-eabi/lib/thumb\libc.a(lib_a-__call_atexit.o)

.debug_macro    0x00000000    0x10f66
 .debug_macro   0x00000000      0xb10 cmsis/src/startup_sam3xa.o
 .debug_macro   0x00000b10       0x10 cmsis/src/startup_sam3xa.o
 .debug_macro   0x00000b20      0x214 cmsis/src/startup_sam3xa.o
 .debug_macro   0x00000d34       0x20 cmsis/src/startup_sam3xa.o
 .debug_macro   0x00000d54       0x34 cmsis/src/startup_sam3xa.o
 .debug_macro   0x00000d88       0x18 cmsis/src/startup_sam3xa.o
 .debug_macro   0x00000da0      0x743 cmsis/src/startup_sam3xa.o
 .debug_macro   0x000014e3      0xaa7 cmsis/src/startup_sam3xa.o
 .debug_macro   0x00001f8a      0x55a cmsis/src/startup_sam3xa.o
 .debug_macro   0x000024e4      0x2a6 cmsis/src/startup_sam3xa.o
 .debug_macro   0x0000278a      0x30b cmsis/src/startup_sam3xa.o
 .debug_macro   0x00002a95      0x741 cmsis/src/startup_sam3xa.o
 .debug_macro   0x000031d6       0x82 cmsis/src/startup_sam3xa.o
 .debug_macro   0x00003258      0x56c cmsis/src/startup_sam3xa.o
 .debug_macro   0x000037c4       0x1c cmsis/src/startup_sam3xa.o
 .debug_macro   0x000037e0      0x6a9 cmsis/src/startup_sam3xa.o
 .debug_macro   0x00003e89      0x51e cmsis/src/startup_sam3xa.o
 .debug_macro   0x000043a7       0xbe cmsis/src/startup_sam3xa.o
 .debug_macro   0x00004465     0x2333 cmsis/src/startup_sam3xa.o
 .debug_macro   0x00006798      0x84f cmsis/src/startup_sam3xa.o
 .debug_macro   0x00006fe7      0xdbb cmsis/src/startup_sam3xa.o
 .debug_macro   0x00007da2       0x7c cmsis/src/startup_sam3xa.o
 .debug_macro   0x00007e1e      0x256 cmsis/src/startup_sam3xa.o
 .debug_macro   0x00008074       0x58 cmsis/src/startup_sam3xa.o
 .debug_macro   0x000080cc      0x999 cmsis/src/startup_sam3xa.o
 .debug_macro   0x00008a65      0x22d cmsis/src/startup_sam3xa.o
 .debug_macro   0x00008c92      0x4d0 cmsis/src/startup_sam3xa.o
 .debug_macro   0x00009162      0x6a4 cmsis/src/startup_sam3xa.o
 .debug_macro   0x00009806      0x590 cmsis/src/startup_sam3xa.o
 .debug_macro   0x00009d96       0x46 cmsis/src/startup_sam3xa.o
 .debug_macro   0x00009ddc      0x33f cmsis/src/startup_sam3xa.o
 .debug_macro   0x0000a11b      0x27e cmsis/src/startup_sam3xa.o
 .debug_macro   0x0000a399     0x14d5 cmsis/src/startup_sam3xa.o
 .debug_macro   0x0000b86e      0x7ab cmsis/src/startup_sam3xa.o
 .debug_macro   0x0000c019       0x76 cmsis/src/startup_sam3xa.o
 .debug_macro   0x0000c08f       0x82 cmsis/src/startup_sam3xa.o
 .debug_macro   0x0000c111       0x76 cmsis/src/startup_sam3xa.o
 .debug_macro   0x0000c187       0x4c cmsis/src/startup_sam3xa.o
 .debug_macro   0x0000c1d3      0x100 cmsis/src/startup_sam3xa.o
 .debug_macro   0x0000c2d3      0x100 cmsis/src/startup_sam3xa.o
 .debug_macro   0x0000c3d3      0x100 cmsis/src/startup_sam3xa.o
 .debug_macro   0x0000c4d3       0x88 cmsis/src/startup_sam3xa.o
 .debug_macro   0x0000c55b       0x88 cmsis/src/startup_sam3xa.o
 .debug_macro   0x0000c5e3      0x3b4 cmsis/src/startup_sam3xa.o
 .debug_macro   0x0000c997       0xb8 cmsis/src/startup_sam3xa.o
 .debug_macro   0x0000ca4f       0xb8 cmsis/src/startup_sam3xa.o
 .debug_macro   0x0000cb07       0xb8 cmsis/src/startup_sam3xa.o
 .debug_macro   0x0000cbbf       0xb8 cmsis/src/startup_sam3xa.o
 .debug_macro   0x0000cc77      0x2b8 cmsis/src/startup_sam3xa.o
 .debug_macro   0x0000cf2f      0x118 cmsis/src/startup_sam3xa.o
 .debug_macro   0x0000d047      0x216 cmsis/src/startup_sam3xa.o
 .debug_macro   0x0000d25d      0x216 cmsis/src/startup_sam3xa.o
 .debug_macro   0x0000d473       0x2e cmsis/src/startup_sam3xa.o
 .debug_macro   0x0000d4a1       0xac cmsis/src/startup_sam3xa.o
 .debug_macro   0x0000d54d      0x13e cmsis/src/startup_sam3xa.o
 .debug_macro   0x0000d68b       0x7c cmsis/src/startup_sam3xa.o
 .debug_macro   0x0000d707      0x1f6 cmsis/src/startup_sam3xa.o
 .debug_macro   0x0000d8fd       0x64 cmsis/src/startup_sam3xa.o
 .debug_macro   0x0000d961       0xa6 cmsis/src/startup_sam3xa.o
 .debug_macro   0x0000da07       0x7c cmsis/src/startup_sam3xa.o
 .debug_macro   0x0000da83       0x16 cmsis/src/startup_sam3xa.o
 .debug_macro   0x0000da99       0x22 cmsis/src/startup_sam3xa.o
 .debug_macro   0x0000dabb       0x22 cmsis/src/startup_sam3xa.o
 .debug_macro   0x0000dadd      0x10c cmsis/src/startup_sam3xa.o
 .debug_macro   0x0000dbe9      0x10c cmsis/src/startup_sam3xa.o
 .debug_macro   0x0000dcf5      0x10c cmsis/src/startup_sam3xa.o
 .debug_macro   0x0000de01      0x10c cmsis/src/startup_sam3xa.o
 .debug_macro   0x0000df0d       0x1c cmsis/src/startup_sam3xa.o
 .debug_macro   0x0000df29       0x2e cmsis/src/startup_sam3xa.o
 .debug_macro   0x0000df57       0x22 cmsis/src/startup_sam3xa.o
 .debug_macro   0x0000df79       0x1c cmsis/src/startup_sam3xa.o
 .debug_macro   0x0000df95       0x58 cmsis/src/startup_sam3xa.o
 .debug_macro   0x0000dfed       0x10 cmsis/src/startup_sam3xa.o
 .debug_macro   0x0000dffd      0x27a cmsis/src/startup_sam3xa.o
 .debug_macro   0x0000e277      0xd34 cmsis/src/startup_sam3xa.o
 .debug_macro   0x0000efab      0x12a cmsis/src/startup_sam3xa.o
 .debug_macro   0x0000f0d5      0xb2e cmsis/src/system_sam3xa.o
 .debug_macro   0x0000fc03      0xb30 TinyG3.o
 .debug_macro   0x00010733       0xf0 TinyG3.o
 .debug_macro   0x00010823      0x743 TinyG3.o

.debug_line     0x00000000     0x2636
 .debug_line    0x00000000      0x918 cmsis/src/startup_sam3xa.o
 .debug_line    0x00000918      0x96a cmsis/src/system_sam3xa.o
 .debug_line    0x00001282      0x941 TinyG3.o
 .debug_line    0x00001bc3      0x121 c:/program files/atmel/atmel studio 6.0/extensions/atmel/armgcc/3.3.1.128/armgcctoolchain/bin/../lib/gcc/arm-none-eabi/4.7.0/../../../../arm-none-eabi/lib/thumb\libc.a(lib_a-atexit.o)
 .debug_line    0x00001ce4      0x13c c:/program files/atmel/atmel studio 6.0/extensions/atmel/armgcc/3.3.1.128/armgcctoolchain/bin/../lib/gcc/arm-none-eabi/4.7.0/../../../../arm-none-eabi/lib/thumb\libc.a(lib_a-fini.o)
 .debug_line    0x00001e20      0x1a4 c:/program files/atmel/atmel studio 6.0/extensions/atmel/armgcc/3.3.1.128/armgcctoolchain/bin/../lib/gcc/arm-none-eabi/4.7.0/../../../../arm-none-eabi/lib/thumb\libc.a(lib_a-impure.o)
 .debug_line    0x00001fc4      0x152 c:/program files/atmel/atmel studio 6.0/extensions/atmel/armgcc/3.3.1.128/armgcctoolchain/bin/../lib/gcc/arm-none-eabi/4.7.0/../../../../arm-none-eabi/lib/thumb\libc.a(lib_a-init.o)
 .debug_line    0x00002116      0x261 c:/program files/atmel/atmel studio 6.0/extensions/atmel/armgcc/3.3.1.128/armgcctoolchain/bin/../lib/gcc/arm-none-eabi/4.7.0/../../../../arm-none-eabi/lib/thumb\libc.a(lib_a-__atexit.o)
 .debug_line    0x00002377      0x2bf c:/program files/atmel/atmel studio 6.0/extensions/atmel/armgcc/3.3.1.128/armgcctoolchain/bin/../lib/gcc/arm-none-eabi/4.7.0/../../../../arm-none-eabi/lib/thumb\libc.a(lib_a-__call_atexit.o)

.debug_str      0x00000000    0x4c30e
 .debug_str     0x00000000    0x4acaf cmsis/src/startup_sam3xa.o
                              0x4ada8 (size before relaxing)
 .debug_str     0x0004acaf      0x328 cmsis/src/system_sam3xa.o
                              0x4abd2 (size before relaxing)
 .debug_str     0x0004afd7      0xbb8 TinyG3.o
                              0x4b320 (size before relaxing)
 .debug_str     0x0004bb8f       0xb3 c:/program files/atmel/atmel studio 6.0/extensions/atmel/armgcc/3.3.1.128/armgcctoolchain/bin/../lib/gcc/arm-none-eabi/4.7.0/../../../../arm-none-eabi/lib/thumb\libc.a(lib_a-atexit.o)
                                0x158 (size before relaxing)
 .debug_str     0x0004bc42       0xa8 c:/program files/atmel/atmel studio 6.0/extensions/atmel/armgcc/3.3.1.128/armgcctoolchain/bin/../lib/gcc/arm-none-eabi/4.7.0/../../../../arm-none-eabi/lib/thumb\libc.a(lib_a-fini.o)
                                0x152 (size before relaxing)
 .debug_str     0x0004bcea      0x41b c:/program files/atmel/atmel studio 6.0/extensions/atmel/armgcc/3.3.1.128/armgcctoolchain/bin/../lib/gcc/arm-none-eabi/4.7.0/../../../../arm-none-eabi/lib/thumb\libc.a(lib_a-impure.o)
                                0x4e6 (size before relaxing)
 .debug_str     0x0004c105       0xd1 c:/program files/atmel/atmel studio 6.0/extensions/atmel/armgcc/3.3.1.128/armgcctoolchain/bin/../lib/gcc/arm-none-eabi/4.7.0/../../../../arm-none-eabi/lib/thumb\libc.a(lib_a-init.o)
                                0x17c (size before relaxing)
 .debug_str     0x0004c1d6       0x7f c:/program files/atmel/atmel studio 6.0/extensions/atmel/armgcc/3.3.1.128/armgcctoolchain/bin/../lib/gcc/arm-none-eabi/4.7.0/../../../../arm-none-eabi/lib/thumb\libc.a(lib_a-__atexit.o)
                                0x53b (size before relaxing)
 .debug_str     0x0004c255       0xb9 c:/program files/atmel/atmel studio 6.0/extensions/atmel/armgcc/3.3.1.128/armgcctoolchain/bin/../lib/gcc/arm-none-eabi/4.7.0/../../../../arm-none-eabi/lib/thumb\libc.a(lib_a-__call_atexit.o)
                                0x537 (size before relaxing)

.debug_frame    0x00000000      0x198
 .debug_frame   0x00000000       0x38 cmsis/src/startup_sam3xa.o
 .debug_frame   0x00000038       0x40 cmsis/src/system_sam3xa.o
 .debug_frame   0x00000078       0x28 TinyG3.o
 .debug_frame   0x000000a0       0x20 c:/program files/atmel/atmel studio 6.0/extensions/atmel/armgcc/3.3.1.128/armgcctoolchain/bin/../lib/gcc/arm-none-eabi/4.7.0/../../../../arm-none-eabi/lib/thumb\libc.a(lib_a-atexit.o)
 .debug_frame   0x000000c0       0x2c c:/program files/atmel/atmel studio 6.0/extensions/atmel/armgcc/3.3.1.128/armgcctoolchain/bin/../lib/gcc/arm-none-eabi/4.7.0/../../../../arm-none-eabi/lib/thumb\libc.a(lib_a-fini.o)
 .debug_frame   0x000000ec       0x2c c:/program files/atmel/atmel studio 6.0/extensions/atmel/armgcc/3.3.1.128/armgcctoolchain/bin/../lib/gcc/arm-none-eabi/4.7.0/../../../../arm-none-eabi/lib/thumb\libc.a(lib_a-init.o)
 .debug_frame   0x00000118       0x34 c:/program files/atmel/atmel studio 6.0/extensions/atmel/armgcc/3.3.1.128/armgcctoolchain/bin/../lib/gcc/arm-none-eabi/4.7.0/../../../../arm-none-eabi/lib/thumb\libc.a(lib_a-__atexit.o)
 .debug_frame   0x0000014c       0x4c c:/program files/atmel/atmel studio 6.0/extensions/atmel/armgcc/3.3.1.128/armgcctoolchain/bin/../lib/gcc/arm-none-eabi/4.7.0/../../../../arm-none-eabi/lib/thumb\libc.a(lib_a-__call_atexit.o)
